// Jest Snapshot v1, https://goo.gl/fbAQLP

exports[`Input when it includes a hint renders the hint 1`] = `

<span id="input-with-hint-hint"
      class="govuk-hint"
>
  It&#x2019;s on your National Insurance card, benefit letter, payslip or P60. For example, &#x2018;QQ 12 34 56 C&#x2019;.
</span>

`;

exports[`Input when it includes an error message renders the error message 1`] = `

<span id="input-with-error-error"
      class="govuk-error-message"
>
  Error message
</span>

`;

exports[`Input with dependant components renders with label 1`] = `

<label class="govuk-label"
       for="my-input"
>
  National Insurance number
</label>

`;
